
foo.elf:     file format elf32-littlearm


Disassembly of section .text:

00000000 <vector_table>:
   0:	00003000 	andeq	r3, r0, r0
   4:	00000199 	muleq	r0, r9, r1
	...

00000198 <reset_handler>:
 198:	2107      	movs	r1, #7
 19a:	2203      	movs	r2, #3
 19c:	188b      	adds	r3, r1, r2
 19e:	f7ff fffe 	bl	19e <reset_handler+0x6>

Disassembly of section .stack:

00003000 <boot_stack>:
	...

Disassembly of section .ARM.attributes:

00000000 <.ARM.attributes>:
   0:	00002041 	andeq	r2, r0, r1, asr #32
   4:	61656100 	cmnvs	r5, r0, lsl #2
   8:	01006962 	tsteq	r0, r2, ror #18
   c:	00000016 	andeq	r0, r0, r6, lsl r0
  10:	726f4305 	rsbvc	r4, pc, #335544320	@ 0x14000000
  14:	2d786574 	cfldr64cs	mvdx6, [r8, #-464]!	@ 0xfffffe30
  18:	0600334d 	streq	r3, [r0], -sp, asr #6
  1c:	094d070a 	stmdbeq	sp, {r1, r3, r8, r9, sl}^
  20:	Address 0x20 is out of bounds.

